Adding "qemu"'s dependency "all" to list of commands with default set of options.
Executing action: all (aliases: build)
Running ninja in directory /Users/rjwang/fun/esp32-display-qemu-demo/build
Executing "ninja all"...
[0/1] Re-running CMake...
CMake Warning at /Users/rjwang/esp-idf/tools/cmake/git_submodules.cmake:52 (message):
  Git submodule components/bt/controller/lib_esp32c2/esp32c2-bt-lib is out of
  date.  Run the following command to fix: git submodule update --init
  --recursive
Call Stack (most recent call first):
  /Users/rjwang/esp-idf/tools/cmake/build.cmake:109 (git_submodule_check)
  /Users/rjwang/esp-idf/tools/cmake/build.cmake:284 (__build_get_idf_git_revision)
  /Users/rjwang/esp-idf/tools/cmake/idf.cmake:55 (__build_init)
  /Users/rjwang/esp-idf/tools/cmake/project.cmake:29 (include)
  CMakeLists.txt:4 (include)


CMake Warning at /Users/rjwang/esp-idf/tools/cmake/git_submodules.cmake:52 (message):
  Git submodule components/bt/controller/lib_esp32c3_family is out of date.
  Run the following command to fix: git submodule update --init --recursive
Call Stack (most recent call first):
  /Users/rjwang/esp-idf/tools/cmake/build.cmake:109 (git_submodule_check)
  /Users/rjwang/esp-idf/tools/cmake/build.cmake:284 (__build_get_idf_git_revision)
  /Users/rjwang/esp-idf/tools/cmake/idf.cmake:55 (__build_init)
  /Users/rjwang/esp-idf/tools/cmake/project.cmake:29 (include)
  CMakeLists.txt:4 (include)


CMake Warning at /Users/rjwang/esp-idf/tools/cmake/git_submodules.cmake:52 (message):
  Git submodule components/bt/controller/lib_esp32c5/esp32c5-bt-lib is out of
  date.  Run the following command to fix: git submodule update --init
  --recursive
Call Stack (most recent call first):
  /Users/rjwang/esp-idf/tools/cmake/build.cmake:109 (git_submodule_check)
  /Users/rjwang/esp-idf/tools/cmake/build.cmake:284 (__build_get_idf_git_revision)
  /Users/rjwang/esp-idf/tools/cmake/idf.cmake:55 (__build_init)
  /Users/rjwang/esp-idf/tools/cmake/project.cmake:29 (include)
  CMakeLists.txt:4 (include)


CMake Warning at /Users/rjwang/esp-idf/tools/cmake/git_submodules.cmake:52 (message):
  Git submodule components/bt/controller/lib_esp32c6/esp32c6-bt-lib is out of
  date.  Run the following command to fix: git submodule update --init
  --recursive
Call Stack (most recent call first):
  /Users/rjwang/esp-idf/tools/cmake/build.cmake:109 (git_submodule_check)
  /Users/rjwang/esp-idf/tools/cmake/build.cmake:284 (__build_get_idf_git_revision)
  /Users/rjwang/esp-idf/tools/cmake/idf.cmake:55 (__build_init)
  /Users/rjwang/esp-idf/tools/cmake/project.cmake:29 (include)
  CMakeLists.txt:4 (include)


CMake Warning at /Users/rjwang/esp-idf/tools/cmake/git_submodules.cmake:52 (message):
  Git submodule components/bt/controller/lib_esp32h2/esp32h2-bt-lib is out of
  date.  Run the following command to fix: git submodule update --init
  --recursive
Call Stack (most recent call first):
  /Users/rjwang/esp-idf/tools/cmake/build.cmake:109 (git_submodule_check)
  /Users/rjwang/esp-idf/tools/cmake/build.cmake:284 (__build_get_idf_git_revision)
  /Users/rjwang/esp-idf/tools/cmake/idf.cmake:55 (__build_init)
  /Users/rjwang/esp-idf/tools/cmake/project.cmake:29 (include)
  CMakeLists.txt:4 (include)


CMake Warning at /Users/rjwang/esp-idf/tools/cmake/git_submodules.cmake:52 (message):
  Git submodule components/bt/esp_ble_mesh/lib/lib is out of date.  Run the
  following command to fix: git submodule update --init --recursive
Call Stack (most recent call first):
  /Users/rjwang/esp-idf/tools/cmake/build.cmake:109 (git_submodule_check)
  /Users/rjwang/esp-idf/tools/cmake/build.cmake:284 (__build_get_idf_git_revision)
  /Users/rjwang/esp-idf/tools/cmake/idf.cmake:55 (__build_init)
  /Users/rjwang/esp-idf/tools/cmake/project.cmake:29 (include)
  CMakeLists.txt:4 (include)


CMake Warning at /Users/rjwang/esp-idf/tools/cmake/git_submodules.cmake:52 (message):
  Git submodule components/bt/host/nimble/nimble is out of date.  Run the
  following command to fix: git submodule update --init --recursive
Call Stack (most recent call first):
  /Users/rjwang/esp-idf/tools/cmake/build.cmake:109 (git_submodule_check)
  /Users/rjwang/esp-idf/tools/cmake/build.cmake:284 (__build_get_idf_git_revision)
  /Users/rjwang/esp-idf/tools/cmake/idf.cmake:55 (__build_init)
  /Users/rjwang/esp-idf/tools/cmake/project.cmake:29 (include)
  CMakeLists.txt:4 (include)


CMake Warning at /Users/rjwang/esp-idf/tools/cmake/git_submodules.cmake:52 (message):
  Git submodule components/openthread/lib is out of date.  Run the following
  command to fix: git submodule update --init --recursive
Call Stack (most recent call first):
  /Users/rjwang/esp-idf/tools/cmake/build.cmake:109 (git_submodule_check)
  /Users/rjwang/esp-idf/tools/cmake/build.cmake:284 (__build_get_idf_git_revision)
  /Users/rjwang/esp-idf/tools/cmake/idf.cmake:55 (__build_init)
  /Users/rjwang/esp-idf/tools/cmake/project.cmake:29 (include)
  CMakeLists.txt:4 (include)


CMake Warning at /Users/rjwang/esp-idf/tools/cmake/git_submodules.cmake:52 (message):
  Git submodule components/openthread/openthread is out of date.  Run the
  following command to fix: git submodule update --init --recursive
Call Stack (most recent call first):
  /Users/rjwang/esp-idf/tools/cmake/build.cmake:109 (git_submodule_check)
  /Users/rjwang/esp-idf/tools/cmake/build.cmake:284 (__build_get_idf_git_revision)
  /Users/rjwang/esp-idf/tools/cmake/idf.cmake:55 (__build_init)
  /Users/rjwang/esp-idf/tools/cmake/project.cmake:29 (include)
  CMakeLists.txt:4 (include)


-- Minimal build - OFF
-- Building ESP-IDF components for target esp32
NOTICE: Processing 2 dependencies:
NOTICE: [1/2] lvgl/lvgl (9.5.0)
NOTICE: [2/2] idf (5.5.4)
-- ESP-TEE is currently supported only on the esp32c6;esp32h2;esp32c5 SoCs
-- Project sdkconfig file /Users/rjwang/fun/esp32-display-qemu-demo/sdkconfig
Loading defaults file /Users/rjwang/fun/esp32-display-qemu-demo/sdkconfig.defaults...
/Users/rjwang/fun/esp32-display-qemu-demo/sdkconfig.defaults:14 CONFIG_OPTIMIZATION_LEVEL_RELEASE was replaced with CONFIG_COMPILER_OPTIMIZATION_SIZE 
/Users/rjwang/fun/esp32-display-qemu-demo/sdkconfig.defaults:17 CONFIG_SYSTEM_EVENT_QUEUE_SIZE was replaced with CONFIG_ESP_SYSTEM_EVENT_QUEUE_SIZE 
-- Compiler supported targets: xtensa-esp-elf
-- Detecting C compiler ABI info
-- Detecting C compiler ABI info - done
-- Detecting CXX compiler ABI info
-- Detecting CXX compiler ABI info - done
-- Detecting C compiler ABI info
-- Detecting C compiler ABI info - done
-- Detecting CXX compiler ABI info
-- Detecting CXX compiler ABI info - done
-- USING O3
-- App "esp32-display-qemu-demo" version: ad27cde
-- Adding linker script /Users/rjwang/fun/esp32-display-qemu-demo/build/esp-idf/esp_system/ld/memory.ld
-- Adding linker script /Users/rjwang/fun/esp32-display-qemu-demo/build/esp-idf/esp_system/ld/sections.ld.in
-- Adding linker script /Users/rjwang/esp-idf/components/esp_rom/esp32/ld/esp32.rom.ld
-- Adding linker script /Users/rjwang/esp-idf/components/esp_rom/esp32/ld/esp32.rom.api.ld
-- Adding linker script /Users/rjwang/esp-idf/components/esp_rom/esp32/ld/esp32.rom.libgcc.ld
-- Adding linker script /Users/rjwang/esp-idf/components/esp_rom/esp32/ld/esp32.rom.newlib-data.ld
-- Adding linker script /Users/rjwang/esp-idf/components/esp_rom/esp32/ld/esp32.rom.syscalls.ld
-- Adding linker script /Users/rjwang/esp-idf/components/esp_rom/esp32/ld/esp32.rom.libc-funcs.ld
-- Adding linker script /Users/rjwang/esp-idf/components/esp_rom/esp32/ld/esp32.rom.newlib-reent-funcs.ld
-- Adding linker script /Users/rjwang/esp-idf/components/soc/esp32/ld/esp32.peripherals.ld
-- Components: app_trace app_update bootloader bootloader_support bt cmock console cxx driver efuse esp-tls esp_adc esp_app_format esp_bootloader_format esp_coex esp_common esp_driver_ana_cmpr esp_driver_bitscrambler esp_driver_cam esp_driver_dac esp_driver_gpio esp_driver_gptimer esp_driver_i2c esp_driver_i2s esp_driver_isp esp_driver_jpeg esp_driver_ledc esp_driver_mcpwm esp_driver_parlio esp_driver_pcnt esp_driver_ppa esp_driver_rmt esp_driver_sdio esp_driver_sdm esp_driver_sdmmc esp_driver_sdspi esp_driver_spi esp_driver_touch_sens esp_driver_tsens esp_driver_twai esp_driver_uart esp_driver_usb_serial_jtag esp_eth esp_event esp_gdbstub esp_hal_ieee802154 esp_hid esp_http_client esp_http_server esp_https_ota esp_https_server esp_hw_support esp_lcd esp_local_ctrl esp_mm esp_netif esp_netif_stack esp_partition esp_phy esp_pm esp_psram esp_ringbuf esp_rom esp_security esp_system esp_timer esp_vfs_console esp_wifi espcoredump esptool_py fatfs freertos hal heap http_parser idf_test ieee802154 json log lvgl__lvgl lwip main mbedtls mqtt newlib nvs_flash nvs_sec_provider openthread partition_table perfmon protobuf-c protocomm pthread rt sdmmc soc spi_flash spiffs tcp_transport ulp unity usb vfs wear_levelling wifi_provisioning wpa_supplicant xtensa
-- Component paths: /Users/rjwang/esp-idf/components/app_trace /Users/rjwang/esp-idf/components/app_update /Users/rjwang/esp-idf/components/bootloader /Users/rjwang/esp-idf/components/bootloader_support /Users/rjwang/esp-idf/components/bt /Users/rjwang/esp-idf/components/cmock /Users/rjwang/esp-idf/components/console /Users/rjwang/esp-idf/components/cxx /Users/rjwang/esp-idf/components/driver /Users/rjwang/esp-idf/components/efuse /Users/rjwang/esp-idf/components/esp-tls /Users/rjwang/esp-idf/components/esp_adc /Users/rjwang/esp-idf/components/esp_app_format /Users/rjwang/esp-idf/components/esp_bootloader_format /Users/rjwang/esp-idf/components/esp_coex /Users/rjwang/esp-idf/components/esp_common /Users/rjwang/esp-idf/components/esp_driver_ana_cmpr /Users/rjwang/esp-idf/components/esp_driver_bitscrambler /Users/rjwang/esp-idf/components/esp_driver_cam /Users/rjwang/esp-idf/components/esp_driver_dac /Users/rjwang/esp-idf/components/esp_driver_gpio /Users/rjwang/esp-idf/components/esp_driver_gptimer /Users/rjwang/esp-idf/components/esp_driver_i2c /Users/rjwang/esp-idf/components/esp_driver_i2s /Users/rjwang/esp-idf/components/esp_driver_isp /Users/rjwang/esp-idf/components/esp_driver_jpeg /Users/rjwang/esp-idf/components/esp_driver_ledc /Users/rjwang/esp-idf/components/esp_driver_mcpwm /Users/rjwang/esp-idf/components/esp_driver_parlio /Users/rjwang/esp-idf/components/esp_driver_pcnt /Users/rjwang/esp-idf/components/esp_driver_ppa /Users/rjwang/esp-idf/components/esp_driver_rmt /Users/rjwang/esp-idf/components/esp_driver_sdio /Users/rjwang/esp-idf/components/esp_driver_sdm /Users/rjwang/esp-idf/components/esp_driver_sdmmc /Users/rjwang/esp-idf/components/esp_driver_sdspi /Users/rjwang/esp-idf/components/esp_driver_spi /Users/rjwang/esp-idf/components/esp_driver_touch_sens /Users/rjwang/esp-idf/components/esp_driver_tsens /Users/rjwang/esp-idf/components/esp_driver_twai /Users/rjwang/esp-idf/components/esp_driver_uart /Users/rjwang/esp-idf/components/esp_driver_usb_serial_jtag /Users/rjwang/esp-idf/components/esp_eth /Users/rjwang/esp-idf/components/esp_event /Users/rjwang/esp-idf/components/esp_gdbstub /Users/rjwang/esp-idf/components/esp_hal_ieee802154 /Users/rjwang/esp-idf/components/esp_hid /Users/rjwang/esp-idf/components/esp_http_client /Users/rjwang/esp-idf/components/esp_http_server /Users/rjwang/esp-idf/components/esp_https_ota /Users/rjwang/esp-idf/components/esp_https_server /Users/rjwang/esp-idf/components/esp_hw_support /Users/rjwang/esp-idf/components/esp_lcd /Users/rjwang/esp-idf/components/esp_local_ctrl /Users/rjwang/esp-idf/components/esp_mm /Users/rjwang/esp-idf/components/esp_netif /Users/rjwang/esp-idf/components/esp_netif_stack /Users/rjwang/esp-idf/components/esp_partition /Users/rjwang/esp-idf/components/esp_phy /Users/rjwang/esp-idf/components/esp_pm /Users/rjwang/esp-idf/components/esp_psram /Users/rjwang/esp-idf/components/esp_ringbuf /Users/rjwang/esp-idf/components/esp_rom /Users/rjwang/esp-idf/components/esp_security /Users/rjwang/esp-idf/components/esp_system /Users/rjwang/esp-idf/components/esp_timer /Users/rjwang/esp-idf/components/esp_vfs_console /Users/rjwang/esp-idf/components/esp_wifi /Users/rjwang/esp-idf/components/espcoredump /Users/rjwang/esp-idf/components/esptool_py /Users/rjwang/esp-idf/components/fatfs /Users/rjwang/esp-idf/components/freertos /Users/rjwang/esp-idf/components/hal /Users/rjwang/esp-idf/components/heap /Users/rjwang/esp-idf/components/http_parser /Users/rjwang/esp-idf/components/idf_test /Users/rjwang/esp-idf/components/ieee802154 /Users/rjwang/esp-idf/components/json /Users/rjwang/esp-idf/components/log /Users/rjwang/fun/esp32-display-qemu-demo/managed_components/lvgl__lvgl /Users/rjwang/esp-idf/components/lwip /Users/rjwang/fun/esp32-display-qemu-demo/main /Users/rjwang/esp-idf/components/mbedtls /Users/rjwang/esp-idf/components/mqtt /Users/rjwang/esp-idf/components/newlib /Users/rjwang/esp-idf/components/nvs_flash /Users/rjwang/esp-idf/components/nvs_sec_provider /Users/rjwang/esp-idf/components/openthread /Users/rjwang/esp-idf/components/partition_table /Users/rjwang/esp-idf/components/perfmon /Users/rjwang/esp-idf/components/protobuf-c /Users/rjwang/esp-idf/components/protocomm /Users/rjwang/esp-idf/components/pthread /Users/rjwang/esp-idf/components/rt /Users/rjwang/esp-idf/components/sdmmc /Users/rjwang/esp-idf/components/soc /Users/rjwang/esp-idf/components/spi_flash /Users/rjwang/esp-idf/components/spiffs /Users/rjwang/esp-idf/components/tcp_transport /Users/rjwang/esp-idf/components/ulp /Users/rjwang/esp-idf/components/unity /Users/rjwang/esp-idf/components/usb /Users/rjwang/esp-idf/components/vfs /Users/rjwang/esp-idf/components/wear_levelling /Users/rjwang/esp-idf/components/wifi_provisioning /Users/rjwang/esp-idf/components/wpa_supplicant /Users/rjwang/esp-idf/components/xtensa
-- Configuring done (8.7s)
-- Generating done (1.8s)
-- Build files have been written to: /Users/rjwang/fun/esp32-display-qemu-demo/build
[1/10] Building C object esp-idf/esp_app_format/CMakeFiles/__idf_esp_app_format.dir/esp_app_desc.c.obj
[2/10] Performing build step for 'bootloader'
[1/1] cd /Users/rjwang/fun/esp32-display-qemu-demo/build/bootloader/esp-idf/esptool_py && /Users/rjwang/.espressif/python_env/idf5.5_py3.14_env/bin/python /Users/rjwang/esp-idf/components/partition_table/check_sizes.py --offset 0x8000 bootloader 0x1000 /Users/rjwang/fun/esp32-display-qemu-demo/build/bootloader/bootloader.bin
Bootloader binary size 0x6630 bytes. 0x9d0 bytes (9%) free.
[3/10] Linking C static library esp-idf/esp_app_format/libesp_app_format.a
[4/10] No install step for 'bootloader'
[5/10] Completed 'bootloader'
[6/10] Generating esp-idf/esp_system/ld/sections.ld
[7/10] Linking CXX executable esp32-display-qemu-demo.elf
[8/10] Generating binary image from built executable
esptool.py v4.12.dev1
Creating esp32 image...
Merged 2 ELF sections
Successfully created esp32 image.
Generated /Users/rjwang/fun/esp32-display-qemu-demo/build/esp32-display-qemu-demo.bin
[9/10] cd /Users/rjwang/fun/esp32-display-qemu-demo/build/esp-idf/esptool_py && /Users/rjwang/.espressif/python_env/idf5.5_py3.14_env/bin/python /Users/rjwang/esp-idf/components/partition_table/check_sizes.py --offset 0x8000 partition --type app /Users/rjwang/fun/esp32-display-qemu-demo/build/partition_table/partition-table.bin /Users/rjwang/fun/esp32-display-qemu-demo/build/esp32-display-qemu-demo.bin
esp32-display-qemu-demo.bin binary size 0xc2490 bytes. Smallest app partition is 0x100000 bytes. 0x3db70 bytes (24%) free.
[0;33mGenerating flash image: /Users/rjwang/fun/esp32-display-qemu-demo/build/qemu_flash.bin[0m
esptool.py --chip=esp32 merge_bin --output=/Users/rjwang/fun/esp32-display-qemu-demo/build/qemu_flash.bin --fill-flash-size=2MB --flash_mode dio --flash_freq 40m --flash_size 2MB 0x1000 bootloader/bootloader.bin 0x10000 esp32-display-qemu-demo.bin 0x8000 partition_table/partition-table.bin
esptool.py v4.12.dev1
SHA digest in image updated
Wrote 0x200000 bytes to file /Users/rjwang/fun/esp32-display-qemu-demo/build/qemu_flash.bin, ready to flash to offset 0x0
[0;33mUsing existing efuse image: /Users/rjwang/fun/esp32-display-qemu-demo/build/qemu_efuse.bin[0m
[0;33mRunning qemu (fg): qemu-system-xtensa -M esp32 -m 4M -drive file=/Users/rjwang/fun/esp32-display-qemu-demo/build/qemu_flash.bin,if=mtd,format=raw -drive file=/Users/rjwang/fun/esp32-display-qemu-demo/build/qemu_efuse.bin,if=none,format=raw,id=efuse -global driver=nvram.esp32.efuse,property=drive,value=efuse -global driver=timer.esp32.timg,property=wdt_disable,value=true -nic user,model=open_eth -nographic -serial mon:stdio -nographic[0m
Adding SPI flash device
ets Jul 29 2019 12:21:46

rst:0x1 (POWERON_RESET),boot:0x12 (SPI_FAST_FLASH_BOOT)
configsip: 0, SPIWP:0xee
clk_drv:0x00,q_drv:0x00,d_drv:0x00,cs0_drv:0x00,hd_drv:0x00,wp_drv:0x00
mode:DIO, clock div:2
load:0x3fff0030,len:6280
load:0x40078000,len:15864
load:0x40080400,len:3920
entry 0x40080644
I (789) boot: ESP-IDF v5.5.4-dirty 2nd stage bootloader
I (792) boot: compile time Apr 29 2026 09:42:50
I (792) boot: Multicore bootloader
I (871) boot: chip revision: v3.0
I (876) boot.esp32: SPI Speed      : 40MHz
I (877) boot.esp32: SPI Mode       : DIO
I (877) boot.esp32: SPI Flash Size : 2MB
I (894) boot: Enabling RNG early entropy source...
I (920) boot: Partition Table:
I (921) boot: ## Label            Usage          Type ST Offset   Length
I (921) boot:  0 nvs              WiFi data        01 02 00009000 00006000
I (922) boot:  1 phy_init         RF data          01 01 0000f000 00001000
I (923) boot:  2 factory          factory app      00 00 00010000 00100000
I (932) boot: End of partition table
I (1008) esp_image: segment 0: paddr=00010020 vaddr=3f400020 size=66028h (417832) map
I (1237) esp_image: segment 1: paddr=00076050 vaddr=3ffb0000 size=02bach ( 11180) load
I (1275) esp_image: segment 2: paddr=00078c04 vaddr=40080000 size=07414h ( 29716) load
I (1321) esp_image: segment 3: paddr=00080020 vaddr=400d0020 size=4e2d8h (320216) map
I (1430) esp_image: segment 4: paddr=000ce300 vaddr=40087414 size=04144h ( 16708) load
I (1470) esp_image: segment 5: paddr=000d244c vaddr=50000000 size=00020h (    32) load
I (1594) boot: Loaded app from partition at offset 0x10000
I (1595) boot: Disabling RNG early entropy source...
I (1635) cpu_start: Multicore app
I (2938) cpu_start: GPIO 3 and 1 are used as console UART I/O pins
I (2947) cpu_start: Pro cpu start user code
I (2948) cpu_start: cpu freq: 160000000 Hz
I (2949) app_init: Application information:
I (2949) app_init: Project name:     esp32-display-qemu-demo
I (2949) app_init: App version:      ad27cde
I (2950) app_init: Compile time:     Apr 29 2026 10:02:30
I (2950) app_init: ELF file SHA256:  ccefaad95...
I (2951) app_init: ESP-IDF:          v5.5.4-dirty
I (2951) efuse_init: Min chip rev:     v0.0
I (2952) efuse_init: Max chip rev:     v3.99 
I (2952) efuse_init: Chip rev:         v3.0
I (2954) heap_init: Initializing. RAM available for dynamic allocation:
I (2956) heap_init: At 3FFAE6E0 len 00001920 (6 KiB): DRAM
I (2957) heap_init: At 3FFD3760 len 0000C8A0 (50 KiB): DRAM
I (2957) heap_init: At 3FFE0440 len 00003AE0 (14 KiB): D/IRAM
I (2958) heap_init: At 3FFE4350 len 0001BCB0 (111 KiB): D/IRAM
I (2959) heap_init: At 4008B558 len 00014AA8 (82 KiB): IRAM
I (3058) spi_flash: detected chip: winbond
I (3075) spi_flash: flash io: dio
I (3100) main_task: Started on CPU0
I (3130) main_task: Calling app_main()
I (3130) app_main: ========================================
I (3130) app_main:   esp32-display-qemu-demo starting...
I (3130) app_main: ========================================
I (3130) app_main: free heap before lvgl: 166844 bytes
I (3140) app_main: lvgl initialized: v9.5.0
I (3170) app_main: lvgl display created: 240x135 (FULL render, fb=64800 bytes)
I (3180) app_main: lv_demo_benchmark started
I (3210) app_main: lvgl flush #0: area=(0,0)-(239,134)
I (3220) app_main: lvgl flush #1: area=(0,0)-(239,134)
I (3260) app_main: lvgl flush #2: area=(0,0)-(239,134)
I (3980) app_main: capturing framebuffer at flush #20 (64800 bytes)

<<<FB_BEGIN size=64800 w=240 h=135 fmt=RGB565>>>
FB=////////////////////////////////////////////////////////////
FB=////////////////////////////////////////////////////////////
FB=////////////////////////////////////////////////////////////
...(1434 lines elided)...
FB=+qT6pPqk+qT6pPqk+qT6pPqk+qT6pPqk+qT6pPqk+qT6pPqk+qT6pPqk+qT6
FB=pPqk+qT6pPqk+qT6pPqk+qT6pPqk+qT6pPqk+qT6pPqk+qT6pPqk+qT6pPqk
FB=+qT6pPqk+qT6pPqk+qT6pPqk+qT6pPqk+qT6pPqk+qT6pPqk+qT6pPqk+qT6
<<<FB_END>>>
I (4850) app_main: framebuffer dump complete
I (10200) app_main: lvgl flush total: 145
I (10200) app_main: framebuffer dumped: yes
I (10200) app_main: free heap after demo: 101304 bytes
I (10200) app_main: ========================================
I (10200) app_main:   M3 LVGL benchmark demo complete
I (10200) app_main: ========================================
I (10200) main_task: Returned from app_main()
qemu-system-xtensa: terminating on signal 15 from pid 83075 (<unknown process>)
