Adding "qemu"'s dependency "all" to list of commands with default set of options.
Executing action: all (aliases: build)
Running ninja in directory /Users/rjwang/fun/esp32-display-qemu-demo/build
Executing "ninja all"...
[1/4] cd /Users/rjwang/fun/esp32-display-qemu-demo/build/esp-idf/esptool_py && /Users/rjwang/.espressif/python_env/idf5.5_py3.14_env/bin/python /Users/rjwang/esp-idf/components/partition_table/check_sizes.py --offset 0x8000 partition --type app /Users/rjwang/fun/esp32-display-qemu-demo/build/partition_table/partition-table.bin /Users/rjwang/fun/esp32-display-qemu-demo/build/esp32-display-qemu-demo.bin
esp32-display-qemu-demo.bin binary size 0xc2490 bytes. Smallest app partition is 0x100000 bytes. 0x3db70 bytes (24%) free.
[2/4] Performing build step for 'bootloader'
[1/1] cd /Users/rjwang/fun/esp32-display-qemu-demo/build/bootloader/esp-idf/esptool_py && /Users/rjwang/.espressif/python_env/idf5.5_py3.14_env/bin/python /Users/rjwang/esp-idf/components/partition_table/check_sizes.py --offset 0x8000 bootloader 0x1000 /Users/rjwang/fun/esp32-display-qemu-demo/build/bootloader/bootloader.bin
Bootloader binary size 0x6630 bytes. 0x9d0 bytes (9%) free.
[3/4] No install step for 'bootloader'
[4/4] Completed 'bootloader'
[0;33mGenerating flash image: /Users/rjwang/fun/esp32-display-qemu-demo/build/qemu_flash.bin[0m
esptool.py --chip=esp32 merge_bin --output=/Users/rjwang/fun/esp32-display-qemu-demo/build/qemu_flash.bin --fill-flash-size=2MB --flash_mode dio --flash_freq 40m --flash_size 2MB 0x1000 bootloader/bootloader.bin 0x10000 esp32-display-qemu-demo.bin 0x8000 partition_table/partition-table.bin
esptool.py v4.12.dev1
SHA digest in image updated
Wrote 0x200000 bytes to file /Users/rjwang/fun/esp32-display-qemu-demo/build/qemu_flash.bin, ready to flash to offset 0x0
[0;33mUsing existing efuse image: /Users/rjwang/fun/esp32-display-qemu-demo/build/qemu_efuse.bin[0m
[0;33mRunning qemu (fg): qemu-system-xtensa -M esp32 -m 4M -drive file=/Users/rjwang/fun/esp32-display-qemu-demo/build/qemu_flash.bin,if=mtd,format=raw -drive file=/Users/rjwang/fun/esp32-display-qemu-demo/build/qemu_efuse.bin,if=none,format=raw,id=efuse -global driver=nvram.esp32.efuse,property=drive,value=efuse -global driver=timer.esp32.timg,property=wdt_disable,value=true -nic user,model=open_eth -nographic -serial mon:stdio -nographic[0m
Adding SPI flash device
ets Jul 29 2019 12:21:46

rst:0x1 (POWERON_RESET),boot:0x12 (SPI_FAST_FLASH_BOOT)
configsip: 0, SPIWP:0xee
clk_drv:0x00,q_drv:0x00,d_drv:0x00,cs0_drv:0x00,hd_drv:0x00,wp_drv:0x00
mode:DIO, clock div:2
load:0x3fff0030,len:6280
load:0x40078000,len:15864
load:0x40080400,len:3920
entry 0x40080644
I (790) boot: ESP-IDF v5.5.4-dirty 2nd stage bootloader
I (792) boot: compile time Apr 29 2026 09:42:50
I (792) boot: Multicore bootloader
I (892) boot: chip revision: v3.0
I (899) boot.esp32: SPI Speed      : 40MHz
I (899) boot.esp32: SPI Mode       : DIO
I (900) boot.esp32: SPI Flash Size : 2MB
I (923) boot: Enabling RNG early entropy source...
I (952) boot: Partition Table:
I (952) boot: ## Label            Usage          Type ST Offset   Length
I (954) boot:  0 nvs              WiFi data        01 02 00009000 00006000
I (957) boot:  1 phy_init         RF data          01 01 0000f000 00001000
I (958) boot:  2 factory          factory app      00 00 00010000 00100000
I (970) boot: End of partition table
I (1186) esp_image: segment 0: paddr=00010020 vaddr=3f400020 size=66028h (417832) map
I (1357) esp_image: segment 1: paddr=00076050 vaddr=3ffb0000 size=02bach ( 11180) load
I (1429) esp_image: segment 2: paddr=00078c04 vaddr=40080000 size=07414h ( 29716) load
I (1491) esp_image: segment 3: paddr=00080020 vaddr=400d0020 size=4e2d8h (320216) map
I (1628) esp_image: segment 4: paddr=000ce300 vaddr=40087414 size=04144h ( 16708) load
I (1667) esp_image: segment 5: paddr=000d244c vaddr=50000000 size=00020h (    32) load
I (1797) boot: Loaded app from partition at offset 0x10000
I (1798) boot: Disabling RNG early entropy source...
I (1848) cpu_start: Multicore app
I (3364) cpu_start: GPIO 3 and 1 are used as console UART I/O pins
I (3371) cpu_start: Pro cpu start user code
I (3372) cpu_start: cpu freq: 160000000 Hz
I (3372) app_init: Application information:
I (3373) app_init: Project name:     esp32-display-qemu-demo
I (3373) app_init: App version:      2756376-dirty
I (3373) app_init: Compile time:     Apr 29 2026 09:53:09
I (3374) app_init: ELF file SHA256:  d702992c9...
I (3374) app_init: ESP-IDF:          v5.5.4-dirty
I (3375) efuse_init: Min chip rev:     v0.0
I (3375) efuse_init: Max chip rev:     v3.99 
I (3376) efuse_init: Chip rev:         v3.0
I (3378) heap_init: Initializing. RAM available for dynamic allocation:
I (3379) heap_init: At 3FFAE6E0 len 00001920 (6 KiB): DRAM
I (3380) heap_init: At 3FFD3760 len 0000C8A0 (50 KiB): DRAM
I (3380) heap_init: At 3FFE0440 len 00003AE0 (14 KiB): D/IRAM
I (3381) heap_init: At 3FFE4350 len 0001BCB0 (111 KiB): D/IRAM
I (3381) heap_init: At 4008B558 len 00014AA8 (82 KiB): IRAM
I (3472) spi_flash: detected chip: winbond
I (3485) spi_flash: flash io: dio
I (3520) main_task: Started on CPU0
I (3550) main_task: Calling app_main()
I (3550) app_main: ========================================
I (3550) app_main:   esp32-display-qemu-demo starting...
I (3550) app_main: ========================================
I (3550) app_main: free heap before lvgl: 166844 bytes
I (3560) app_main: lvgl initialized: v9.5.0
I (3600) app_main: lvgl display created: 240x135 (FULL render, fb=64800 bytes)
I (3610) app_main: lv_demo_benchmark started
I (3650) app_main: lvgl flush #0: area=(0,0)-(239,134)
I (3660) app_main: lvgl flush #1: area=(0,0)-(239,134)
I (3700) app_main: lvgl flush #2: area=(0,0)-(239,134)
I (4420) app_main: capturing framebuffer at flush #20 (64800 bytes)

<<<FB_BEGIN size=64800 w=240 h=135 fmt=RGB565>>>
FB=////////////////////////////////////////////////////////////
FB=////////////////////////////////////////////////////////////
FB=////////////////////////////////////////////////////////////
... [1434 base64 FB= lines elided for readability] ...
FB=+qT6pPqk+qT6pPqk+qT6pPqk+qT6pPqk+qT6pPqk+qT6pPqk+qT6pPqk+qT6
FB=pPqk+qT6pPqk+qT6pPqk+qT6pPqk+qT6pPqk+qT6pPqk+qT6pPqk+qT6pPqk
FB=+qT6pPqk+qT6pPqk+qT6pPqk+qT6pPqk+qT6pPqk+qT6pPqk+qT6pPqk+qT6
<<<FB_END>>>
I (5360) app_main: framebuffer dump complete
I (10740) app_main: lvgl flush total: 144
I (10740) app_main: framebuffer dumped: yes
I (10740) app_main: free heap after demo: 101304 bytes
I (10740) app_main: ========================================
I (10740) app_main:   M3 LVGL benchmark demo complete
I (10740) app_main: ========================================
I (10740) main_task: Returned from app_main()
qemu-system-xtensa: terminating on signal 15 from pid 82766 (<unknown process>)
